[34m
████████╗██╗███╗   ███╗███████╗    ███████╗███████╗██████╗ ██╗███████╗███████╗    █████╗ ██╗
╚══██╔══╝██║████╗ ████║██╔════╝    ██╔════╝██╔════╝██╔══██╗██║██╔════╝██╔════╝   ██╔══██╗██║
   ██║   ██║██╔████╔██║█████╗█████╗███████╗█████╗  ██████╔╝██║█████╗  ███████╗   ███████║██║
   ██║   ██║██║╚██╔╝██║██╔══╝╚════╝╚════██║██╔══╝  ██╔══██╗██║██╔══╝  ╚════██║   ██╔══██║██║
   ██║   ██║██║ ╚═╝ ██║███████╗    ███████║███████╗██║  ██║██║███████╗███████║██╗██║  ██║██║
   ╚═╝   ╚═╝╚═╝     ╚═╝╚══════╝    ╚══════╝╚══════╝╚═╝  ╚═╝╚═╝╚══════╝╚══════╝╚═╝╚═╝  ╚═╝╚═╝
ai4ts v0.0.3 - building AI for unified time-series analysis, https://time-series.ai [0m

========================================================================
  Capacity sweep: SAITS (hi-cap)  (ore 6-22)
========================================================================
  Config: n_steps=510, {'d_model': 128, 'n_heads': 8, 'n_layers': 3, 'd_ffn': 256, 'dropout': 0.1, 'batch_size': 16, 'max_epochs': 40, 'patience': 6, 'lr': 0.001}
  Output: completed_sales_622/saits_hicap.parquet, traccia_a_saits_hicap.parquet

1. Caricamento dati...
  Samples: 150,000, Steps: 510, Features: 6

2. Train/val split...
  Train: 120,000 samples (40,000 series)
  Val:   30,000 samples (10,000 series)

3. Training SAITS (hi-cap) (patience=6, max 40 epochs)...
  Device: mps
2026-06-29 17:10:27 [INFO]: Using the given device: mps
2026-06-29 17:10:27 [INFO]: Model files will be saved to /Users/utente/Desktop/FreshNetRetail/pipeline/results/pypots_saits_hicap_val/20260629_T171027
2026-06-29 17:10:27 [INFO]: Tensorboard file will be saved to /Users/utente/Desktop/FreshNetRetail/pipeline/results/pypots_saits_hicap_val/20260629_T171027/tensorboard
2026-06-29 17:10:27 [INFO]: Using customized MAE as the training loss function.
2026-06-29 17:10:27 [INFO]: Using customized MSE as the validation metric function.
2026-06-29 17:10:27 [INFO]: SAITS initialized with the given hyperparameters, the number of trainable parameters: 799,828
  Model params: 799,828
